This is pdfTeX, Version 3.141592653-2.6-1.40.26 (TeX Live 2024/Homebrew) (preloaded format=pdflatex 2024.10.29)  24 MAR 2025 13:43
entering extended mode
 restricted \write18 enabled.
 file:line:error style messages enabled.
 %&-line parsing enabled.
**/Users/dak/projects/ms-land-cover/paper/main.tex
(/Users/dak/projects/ms-land-cover/paper/main.tex
LaTeX2e <2023-11-01> patch level 1
L3 programming layer <2024-02-20>
(/opt/homebrew/Cellar/texlive/20240312_3/share/texmf-dist/tex/latex/base/article.cls
Document Class: article 2023/05/17 v1.4n Standard LaTeX document class
(/opt/homebrew/Cellar/texlive/20240312_3/share/texmf-dist/tex/latex/base/size12.clo
File: size12.clo 2023/05/17 v1.4n Standard LaTeX file (size option)
)
\c@part=\count188
\c@section=\count189
\c@subsection=\count190
\c@subsubsection=\count191
\c@paragraph=\count192
\c@subparagraph=\count193
\c@figure=\count194
\c@table=\count195
\abovecaptionskip=\skip48
\belowcaptionskip=\skip49
\bibindent=\dimen140
) (/opt/homebrew/Cellar/texlive/20240312_3/share/texmf-dist/tex/latex/geometry/geometry.sty
Package: geometry 2020/01/02 v5.9 Page Geometry
 (/opt/homebrew/Cellar/texlive/20240312_3/share/texmf-dist/tex/latex/graphics/keyval.sty
Package: keyval 2022/05/29 v1.15 key=value parser (DPC)
\KV@toks@=\toks17
) (/opt/homebrew/Cellar/texlive/20240312_3/share/texmf-dist/tex/generic/iftex/ifvtex.sty
Package: ifvtex 2019/10/25 v1.7 ifvtex legacy package. Use iftex instead.
 (/opt/homebrew/Cellar/texlive/20240312_3/share/texmf-dist/tex/generic/iftex/iftex.sty
Package: iftex 2022/02/03 v1.0f TeX engine tests
))
\Gm@cnth=\count196
\Gm@cntv=\count197
\c@Gm@tempcnt=\count198
\Gm@bindingoffset=\dimen141
\Gm@wd@mp=\dimen142
\Gm@odd@mp=\dimen143
\Gm@even@mp=\dimen144
\Gm@layoutwidth=\dimen145
\Gm@layoutheight=\dimen146
\Gm@layouthoffset=\dimen147
\Gm@layoutvoffset=\dimen148
\Gm@dimlist=\toks18
) (/opt/homebrew/Cellar/texlive/20240312_3/share/texmf-dist/tex/latex/xcolor/xcolor.sty
Package: xcolor 2023/11/15 v3.01 LaTeX color extensions (UK)
 (/opt/homebrew/Cellar/texlive/20240312_3/share/texmf-dist/tex/latex/graphics-cfg/color.cfg
File: color.cfg 2016/01/02 v1.6 sample color configuration
)
Package xcolor Info: Driver file: pdftex.def on input line 274.
 (/opt/homebrew/Cellar/texlive/20240312_3/share/texmf-dist/tex/latex/graphics-def/pdftex.def
File: pdftex.def 2022/09/22 v1.2b Graphics/color driver for pdftex
) (/opt/homebrew/Cellar/texlive/20240312_3/share/texmf-dist/tex/latex/graphics/mathcolor.ltx)
Package xcolor Info: Model `cmy' substituted by `cmy0' on input line 1350.
Package xcolor Info: Model `hsb' substituted by `rgb' on input line 1354.
Package xcolor Info: Model `RGB' extended on input line 1366.
Package xcolor Info: Model `HTML' substituted by `rgb' on input line 1368.
Package xcolor Info: Model `Hsb' substituted by `hsb' on input line 1369.
Package xcolor Info: Model `tHsb' substituted by `hsb' on input line 1370.
Package xcolor Info: Model `HSB' substituted by `hsb' on input line 1371.
Package xcolor Info: Model `Gray' substituted by `gray' on input line 1372.
Package xcolor Info: Model `wave' substituted by `hsb' on input line 1373.
) (/opt/homebrew/Cellar/texlive/20240312_3/share/texmf-dist/tex/latex/booktabs/booktabs.sty
Package: booktabs 2020/01/12 v1.61803398 Publication quality tables
\heavyrulewidth=\dimen149
\lightrulewidth=\dimen150
\cmidrulewidth=\dimen151
\belowrulesep=\dimen152
\belowbottomsep=\dimen153
\aboverulesep=\dimen154
\abovetopsep=\dimen155
\cmidrulesep=\dimen156
\cmidrulekern=\dimen157
\defaultaddspace=\dimen158
\@cmidla=\count199
\@cmidlb=\count266
\@aboverulesep=\dimen159
\@belowrulesep=\dimen160
\@thisruleclass=\count267
\@lastruleclass=\count268
\@thisrulewidth=\dimen161
) (/opt/homebrew/Cellar/texlive/20240312_3/share/texmf-dist/tex/latex/graphics/graphicx.sty
Package: graphicx 2021/09/16 v1.2d Enhanced LaTeX Graphics (DPC,SPQR)
 (/opt/homebrew/Cellar/texlive/20240312_3/share/texmf-dist/tex/latex/graphics/graphics.sty
Package: graphics 2022/03/10 v1.4e Standard LaTeX Graphics (DPC,SPQR)
 (/opt/homebrew/Cellar/texlive/20240312_3/share/texmf-dist/tex/latex/graphics/trig.sty
Package: trig 2021/08/11 v1.11 sin cos tan (DPC)
) (/opt/homebrew/Cellar/texlive/20240312_3/share/texmf-dist/tex/latex/graphics-cfg/graphics.cfg
File: graphics.cfg 2016/06/04 v1.11 sample graphics configuration
)
Package graphics Info: Driver file: pdftex.def on input line 107.
)
\Gin@req@height=\dimen162
\Gin@req@width=\dimen163
) (/opt/homebrew/Cellar/texlive/20240312_3/share/texmf-dist/tex/latex/hyperref/hyperref.sty
Package: hyperref 2024-01-20 v7.01h Hypertext links for LaTeX
 (/opt/homebrew/Cellar/texlive/20240312_3/share/texmf-dist/tex/latex/kvsetkeys/kvsetkeys.sty
Package: kvsetkeys 2022-10-05 v1.19 Key value parser (HO)
) (/opt/homebrew/Cellar/texlive/20240312_3/share/texmf-dist/tex/generic/kvdefinekeys/kvdefinekeys.sty
Package: kvdefinekeys 2019-12-19 v1.6 Define keys (HO)
) (/opt/homebrew/Cellar/texlive/20240312_3/share/texmf-dist/tex/generic/pdfescape/pdfescape.sty
Package: pdfescape 2019/12/09 v1.15 Implements pdfTeX's escape features (HO)
 (/opt/homebrew/Cellar/texlive/20240312_3/share/texmf-dist/tex/generic/ltxcmds/ltxcmds.sty
Package: ltxcmds 2023-12-04 v1.26 LaTeX kernel commands for general use (HO)
) (/opt/homebrew/Cellar/texlive/20240312_3/share/texmf-dist/tex/generic/pdftexcmds/pdftexcmds.sty
Package: pdftexcmds 2020-06-27 v0.33 Utility functions of pdfTeX for LuaTeX (HO)
 (/opt/homebrew/Cellar/texlive/20240312_3/share/texmf-dist/tex/generic/infwarerr/infwarerr.sty
Package: infwarerr 2019/12/03 v1.5 Providing info/warning/error messages (HO)
)
Package pdftexcmds Info: \pdf@primitive is available.
Package pdftexcmds Info: \pdf@ifprimitive is available.
Package pdftexcmds Info: \pdfdraftmode found.
)) (/opt/homebrew/Cellar/texlive/20240312_3/share/texmf-dist/tex/latex/hycolor/hycolor.sty
Package: hycolor 2020-01-27 v1.10 Color options for hyperref/bookmark (HO)
) (/opt/homebrew/Cellar/texlive/20240312_3/share/texmf-dist/tex/latex/auxhook/auxhook.sty
Package: auxhook 2019-12-17 v1.6 Hooks for auxiliary files (HO)
) (/opt/homebrew/Cellar/texlive/20240312_3/share/texmf-dist/tex/latex/hyperref/nameref.sty
Package: nameref 2023-11-26 v2.56 Cross-referencing by name of section
 (/opt/homebrew/Cellar/texlive/20240312_3/share/texmf-dist/tex/latex/refcount/refcount.sty
Package: refcount 2019/12/15 v3.6 Data extraction from label references (HO)
) (/opt/homebrew/Cellar/texlive/20240312_3/share/texmf-dist/tex/generic/gettitlestring/gettitlestring.sty
Package: gettitlestring 2019/12/15 v1.6 Cleanup title references (HO)
 (/opt/homebrew/Cellar/texlive/20240312_3/share/texmf-dist/tex/latex/kvoptions/kvoptions.sty
Package: kvoptions 2022-06-15 v3.15 Key value format for package options (HO)
))
\c@section@level=\count269
) (/opt/homebrew/Cellar/texlive/20240312_3/share/texmf-dist/tex/latex/etoolbox/etoolbox.sty
Package: etoolbox 2020/10/05 v2.5k e-TeX tools for LaTeX (JAW)
\etb@tempcnta=\count270
)
\@linkdim=\dimen164
\Hy@linkcounter=\count271
\Hy@pagecounter=\count272
 (/opt/homebrew/Cellar/texlive/20240312_3/share/texmf-dist/tex/latex/hyperref/pd1enc.def
File: pd1enc.def 2024-01-20 v7.01h Hyperref: PDFDocEncoding definition (HO)
Now handling font encoding PD1 ...
... no UTF-8 mapping file for font encoding PD1
) (/opt/homebrew/Cellar/texlive/20240312_3/share/texmf-dist/tex/generic/intcalc/intcalc.sty
Package: intcalc 2019/12/15 v1.3 Expandable calculations with integers (HO)
)
\Hy@SavedSpaceFactor=\count273
 (/opt/homebrew/Cellar/texlive/20240312_3/share/texmf-dist/tex/latex/hyperref/puenc.def
File: puenc.def 2024-01-20 v7.01h Hyperref: PDF Unicode definition (HO)
Now handling font encoding PU ...
... no UTF-8 mapping file for font encoding PU
)
Package hyperref Info: Hyper figures OFF on input line 4179.
Package hyperref Info: Link nesting OFF on input line 4184.
Package hyperref Info: Hyper index ON on input line 4187.
Package hyperref Info: Plain pages OFF on input line 4194.
Package hyperref Info: Backreferencing OFF on input line 4199.
Package hyperref Info: Implicit mode ON; LaTeX internals redefined.
Package hyperref Info: Bookmarks ON on input line 4446.
\c@Hy@tempcnt=\count274
 (/opt/homebrew/Cellar/texlive/20240312_3/share/texmf-dist/tex/latex/url/url.sty
\Urlmuskip=\muskip16
Package: url 2013/09/16  ver 3.4  Verb mode for urls, etc.
)
LaTeX Info: Redefining \url on input line 4784.
\XeTeXLinkMargin=\dimen165
 (/opt/homebrew/Cellar/texlive/20240312_3/share/texmf-dist/tex/generic/bitset/bitset.sty
Package: bitset 2019/12/09 v1.3 Handle bit-vector datatype (HO)
 (/opt/homebrew/Cellar/texlive/20240312_3/share/texmf-dist/tex/generic/bigintcalc/bigintcalc.sty
Package: bigintcalc 2019/12/15 v1.5 Expandable calculations on big integers (HO)
))
\Fld@menulength=\count275
\Field@Width=\dimen166
\Fld@charsize=\dimen167
Package hyperref Info: Hyper figures OFF on input line 6063.
Package hyperref Info: Link nesting OFF on input line 6068.
Package hyperref Info: Hyper index ON on input line 6071.
Package hyperref Info: backreferencing OFF on input line 6078.
Package hyperref Info: Link coloring OFF on input line 6083.
Package hyperref Info: Link coloring with OCG OFF on input line 6088.
Package hyperref Info: PDF/A mode OFF on input line 6093.
 (/opt/homebrew/Cellar/texlive/20240312_3/share/texmf-dist/tex/latex/base/atbegshi-ltx.sty
Package: atbegshi-ltx 2021/01/10 v1.0c Emulation of the original atbegshi
package with kernel methods
)
\Hy@abspage=\count276
\c@Item=\count277
\c@Hfootnote=\count278
)
Package hyperref Info: Driver (autodetected): hpdftex.
 (/opt/homebrew/Cellar/texlive/20240312_3/share/texmf-dist/tex/latex/hyperref/hpdftex.def
File: hpdftex.def 2024-01-20 v7.01h Hyperref driver for pdfTeX
 (/opt/homebrew/Cellar/texlive/20240312_3/share/texmf-dist/tex/latex/base/atveryend-ltx.sty
Package: atveryend-ltx 2020/08/19 v1.0a Emulation of the original atveryend package
with kernel methods
)
\Fld@listcount=\count279
\c@bookmark@seq@number=\count280
 (/opt/homebrew/Cellar/texlive/20240312_3/share/texmf-dist/tex/latex/rerunfilecheck/rerunfilecheck.sty
Package: rerunfilecheck 2022-07-10 v1.10 Rerun checks for auxiliary files (HO)
 (/opt/homebrew/Cellar/texlive/20240312_3/share/texmf-dist/tex/generic/uniquecounter/uniquecounter.sty
Package: uniquecounter 2019/12/15 v1.4 Provide unlimited unique counter (HO)
)
Package uniquecounter Info: New unique counter `rerunfilecheck' on input line 285.
)
\Hy@SectionHShift=\skip50
) (/opt/homebrew/Cellar/texlive/20240312_3/share/texmf-dist/tex/latex/graphics/rotating.sty
Package: rotating 2016/08/11 v2.16d rotated objects in LaTeX
 (/opt/homebrew/Cellar/texlive/20240312_3/share/texmf-dist/tex/latex/base/ifthen.sty
Package: ifthen 2022/04/13 v1.1d Standard LaTeX ifthen package (DPC)
)
\c@r@tfl@t=\count281
\rotFPtop=\skip51
\rotFPbot=\skip52
\rot@float@box=\box51
\rot@mess@toks=\toks19
) (/opt/homebrew/Cellar/texlive/20240312_3/share/texmf-dist/tex/latex/adjustbox/adjustbox.sty
Package: adjustbox 2022/10/17 v1.3a Adjusting TeX boxes (trim, clip, ...)
 (/opt/homebrew/Cellar/texlive/20240312_3/share/texmf-dist/tex/latex/xkeyval/xkeyval.sty
Package: xkeyval 2022/06/16 v2.9 package option processing (HA)
 (/opt/homebrew/Cellar/texlive/20240312_3/share/texmf-dist/tex/generic/xkeyval/xkeyval.tex (/opt/homebrew/Cellar/texlive/20240312_3/share/texmf-dist/tex/generic/xkeyval/xkvutils.tex
\XKV@toks=\toks20
\XKV@tempa@toks=\toks21
)
\XKV@depth=\count282
File: xkeyval.tex 2014/12/03 v2.7a key=value parser (HA)
)) (/opt/homebrew/Cellar/texlive/20240312_3/share/texmf-dist/tex/latex/adjustbox/adjcalc.sty
Package: adjcalc 2012/05/16 v1.1 Provides advanced setlength with multiple back-ends (calc, etex, pgfmath)
) (/opt/homebrew/Cellar/texlive/20240312_3/share/texmf-dist/tex/latex/adjustbox/trimclip.sty
Package: trimclip 2020/08/19 v1.2 Trim and clip general TeX material
 (/opt/homebrew/Cellar/texlive/20240312_3/share/texmf-dist/tex/latex/collectbox/collectbox.sty
Package: collectbox 2022/10/17 v0.4c Collect macro arguments as boxes
\collectedbox=\box52
)
\tc@llx=\dimen168
\tc@lly=\dimen169
\tc@urx=\dimen170
\tc@ury=\dimen171
Package trimclip Info: Using driver 'tc-pdftex.def'.
 (/opt/homebrew/Cellar/texlive/20240312_3/share/texmf-dist/tex/latex/adjustbox/tc-pdftex.def
File: tc-pdftex.def 2019/01/04 v2.2 Clipping driver for pdftex
))
\adjbox@Width=\dimen172
\adjbox@Height=\dimen173
\adjbox@Depth=\dimen174
\adjbox@Totalheight=\dimen175
\adjbox@pwidth=\dimen176
\adjbox@pheight=\dimen177
\adjbox@pdepth=\dimen178
\adjbox@ptotalheight=\dimen179
 (/opt/homebrew/Cellar/texlive/20240312_3/share/texmf-dist/tex/latex/ifoddpage/ifoddpage.sty
Package: ifoddpage 2022/10/18 v1.2 Conditionals for odd/even page detection
\c@checkoddpage=\count283
) (/opt/homebrew/Cellar/texlive/20240312_3/share/texmf-dist/tex/latex/varwidth/varwidth.sty
Package: varwidth 2009/03/30 ver 0.92;  Variable-width minipages
\@vwid@box=\box53
\sift@deathcycles=\count284
\@vwid@loff=\dimen180
\@vwid@roff=\dimen181
)) (/opt/homebrew/Cellar/texlive/20240312_3/share/texmf-dist/tex/latex/makecell/makecell.sty
Package: makecell 2009/08/03 V0.1e Managing of Tab Column Heads and Cells
 (/opt/homebrew/Cellar/texlive/20240312_3/share/texmf-dist/tex/latex/tools/array.sty
Package: array 2023/10/16 v2.5g Tabular extension package (FMi)
\col@sep=\dimen182
\ar@mcellbox=\box54
\extrarowheight=\dimen183
\NC@list=\toks22
\extratabsurround=\skip53
\backup@length=\skip54
\ar@cellbox=\box55
)
\rotheadsize=\dimen184
\c@nlinenum=\count285
\TeXr@lab=\toks23
) (/opt/homebrew/Cellar/texlive/20240312_3/share/texmf-dist/tex/latex/diagbox/diagbox.sty
Package: diagbox 2020/02/09 v2.3 Making table heads with diagonal lines
 (/opt/homebrew/Cellar/texlive/20240312_3/share/texmf-dist/tex/latex/pict2e/pict2e.sty
Package: pict2e 2020/09/30 v0.4b Improved picture commands (HjG,RN,JT)
 (/opt/homebrew/Cellar/texlive/20240312_3/share/texmf-dist/tex/latex/pict2e/pict2e.cfg
File: pict2e.cfg 2016/02/05 v0.1u pict2e configuration for teTeX/TeXLive
)
Package pict2e Info: Driver file: pdftex.def on input line 112.
Package pict2e Info: Driver file for pict2e: p2e-pdftex.def on input line 114.
 (/opt/homebrew/Cellar/texlive/20240312_3/share/texmf-dist/tex/latex/pict2e/p2e-pdftex.def
File: p2e-pdftex.def 2016/02/05 v0.1u Driver-dependant file (RN,HjG,JT)
)
\pIIe@GRAPH=\toks24
\@arclen=\dimen185
\@arcrad=\dimen186
\pIIe@tempdima=\dimen187
\pIIe@tempdimb=\dimen188
\pIIe@tempdimc=\dimen189
\pIIe@tempdimd=\dimen190
\pIIe@tempdime=\dimen191
\pIIe@tempdimf=\dimen192
) (/opt/homebrew/Cellar/texlive/20240312_3/share/texmf-dist/tex/latex/tools/calc.sty
Package: calc 2023/07/08 v4.3 Infix arithmetic (KKT,FJ)
\calc@Acount=\count286
\calc@Bcount=\count287
\calc@Adimen=\dimen193
\calc@Bdimen=\dimen194
\calc@Askip=\skip55
\calc@Bskip=\skip56
LaTeX Info: Redefining \setlength on input line 80.
LaTeX Info: Redefining \addtolength on input line 81.
\calc@Ccount=\count288
\calc@Cskip=\skip57
)
\diagbox@boxa=\box56
\diagbox@boxb=\box57
\diagbox@boxm=\box58
\diagbox@wd=\dimen195
\diagbox@ht=\dimen196
\diagbox@insepl=\dimen197
\diagbox@insepr=\dimen198
\diagbox@outsepl=\dimen199
\diagbox@outsepr=\dimen256
) (/opt/homebrew/Cellar/texlive/20240312_3/share/texmf-dist/tex/latex/amsmath/amsmath.sty
Package: amsmath 2023/05/13 v2.17o AMS math features
\@mathmargin=\skip58

For additional information on amsmath, use the `?' option.
(/opt/homebrew/Cellar/texlive/20240312_3/share/texmf-dist/tex/latex/amsmath/amstext.sty
Package: amstext 2021/08/26 v2.01 AMS text
 (/opt/homebrew/Cellar/texlive/20240312_3/share/texmf-dist/tex/latex/amsmath/amsgen.sty
File: amsgen.sty 1999/11/30 v2.0 generic functions
\@emptytoks=\toks25
\ex@=\dimen257
)) (/opt/homebrew/Cellar/texlive/20240312_3/share/texmf-dist/tex/latex/amsmath/amsbsy.sty
Package: amsbsy 1999/11/29 v1.2d Bold Symbols
\pmbraise@=\dimen258
) (/opt/homebrew/Cellar/texlive/20240312_3/share/texmf-dist/tex/latex/amsmath/amsopn.sty
Package: amsopn 2022/04/08 v2.04 operator names
)
\inf@bad=\count289
LaTeX Info: Redefining \frac on input line 234.
\uproot@=\count290
\leftroot@=\count291
LaTeX Info: Redefining \overline on input line 399.
LaTeX Info: Redefining \colon on input line 410.
\classnum@=\count292
\DOTSCASE@=\count293
LaTeX Info: Redefining \ldots on input line 496.
LaTeX Info: Redefining \dots on input line 499.
LaTeX Info: Redefining \cdots on input line 620.
\Mathstrutbox@=\box59
\strutbox@=\box60
LaTeX Info: Redefining \big on input line 722.
LaTeX Info: Redefining \Big on input line 723.
LaTeX Info: Redefining \bigg on input line 724.
LaTeX Info: Redefining \Bigg on input line 725.
\big@size=\dimen259
LaTeX Font Info:    Redeclaring font encoding OML on input line 743.
LaTeX Font Info:    Redeclaring font encoding OMS on input line 744.
\macc@depth=\count294
LaTeX Info: Redefining \bmod on input line 905.
LaTeX Info: Redefining \pmod on input line 910.
LaTeX Info: Redefining \smash on input line 940.
LaTeX Info: Redefining \relbar on input line 970.
LaTeX Info: Redefining \Relbar on input line 971.
\c@MaxMatrixCols=\count295
\dotsspace@=\muskip17
\c@parentequation=\count296
\dspbrk@lvl=\count297
\tag@help=\toks26
\row@=\count298
\column@=\count299
\maxfields@=\count300
\andhelp@=\toks27
\eqnshift@=\dimen260
\alignsep@=\dimen261
\tagshift@=\dimen262
\tagwidth@=\dimen263
\totwidth@=\dimen264
\lineht@=\dimen265
\@envbody=\toks28
\multlinegap=\skip59
\multlinetaggap=\skip60
\mathdisplay@stack=\toks29
LaTeX Info: Redefining \[ on input line 2953.
LaTeX Info: Redefining \] on input line 2954.
) (/opt/homebrew/Cellar/texlive/20240312_3/share/texmf-dist/tex/latex/float/float.sty
Package: float 2001/11/08 v1.3d Float enhancements (AL)
\c@float@type=\count301
\float@exts=\toks30
\float@box=\box61
\@float@everytoks=\toks31
\@floatcapt=\box62
) (/opt/homebrew/Cellar/texlive/20240312_3/share/texmf-dist/tex/latex/setspace/setspace.sty
Package: setspace 2022/12/04 v6.7b set line spacing
) (/opt/homebrew/Cellar/texlive/20240312_3/share/texmf-dist/tex/latex/lineno/lineno.sty
Package: lineno 2023/05/20 line numbers on paragraphs v5.3
\linenopenalty=\count302
\output=\toks32
\linenoprevgraf=\count303
\linenumbersep=\dimen266
\linenumberwidth=\dimen267
\c@linenumber=\count304
\c@pagewiselinenumber=\count305
\c@LN@truepage=\count306
\c@internallinenumber=\count307
\c@internallinenumbers=\count308
\quotelinenumbersep=\dimen268
\bframerule=\dimen269
\bframesep=\dimen270
\bframebox=\box63
\linenoamsmath@ams@eqpen=\count309
LaTeX Info: Redefining \\ on input line 3180.
) (/opt/homebrew/Cellar/texlive/20240312_3/share/texmf-dist/tex/latex/multirow/multirow.sty
Package: multirow 2021/03/15 v2.8 Span multiple rows of a table
\multirow@colwidth=\skip61
\multirow@cntb=\count310
\multirow@dima=\skip62
\bigstrutjot=\dimen271
) (/opt/homebrew/Cellar/texlive/20240312_3/share/texmf-dist/tex/latex/amsfonts/amssymb.sty
Package: amssymb 2013/01/14 v3.01 AMS font symbols
 (/opt/homebrew/Cellar/texlive/20240312_3/share/texmf-dist/tex/latex/amsfonts/amsfonts.sty
Package: amsfonts 2013/01/14 v3.01 Basic AMSFonts support
\symAMSa=\mathgroup4
\symAMSb=\mathgroup5
LaTeX Font Info:    Redeclaring math symbol \hbar on input line 98.
LaTeX Font Info:    Overwriting math alphabet `\mathfrak' in version `bold'
(Font)                  U/euf/m/n --> U/euf/b/n on input line 106.
)) (/opt/homebrew/Cellar/texlive/20240312_3/share/texmf-dist/tex/latex/ragged2e/ragged2e.sty
Package: ragged2e 2023/06/22 v3.6 ragged2e Package


LaTeX Warning: Command \@arrayparboxrestore  has changed.
               Check if current package is valid.

(/opt/homebrew/Cellar/texlive/20240312_3/share/texmf-dist/tex/latex/footmisc/footmisc.sty
Package: footmisc 2023/07/05 v6.0f a miscellany of footnote facilities
\FN@temptoken=\toks33
\footnotemargin=\dimen272
\@outputbox@depth=\dimen273
Package footmisc Info: Declaring symbol style bringhurst on input line 696.
Package footmisc Info: Declaring symbol style chicago on input line 704.
Package footmisc Info: Declaring symbol style wiley on input line 713.
Package footmisc Info: Declaring symbol style lamport-robust on input line 724.
Package footmisc Info: Declaring symbol style lamport* on input line 744.
Package footmisc Info: Declaring symbol style lamport*-robust on input line 765.
)
\CenteringLeftskip=\skip63
\RaggedLeftLeftskip=\skip64
\RaggedRightLeftskip=\skip65
\CenteringRightskip=\skip66
\RaggedLeftRightskip=\skip67
\RaggedRightRightskip=\skip68
\CenteringParfillskip=\skip69
\RaggedLeftParfillskip=\skip70
\RaggedRightParfillskip=\skip71
\JustifyingParfillskip=\skip72
\CenteringParindent=\skip73
\RaggedLeftParindent=\skip74
\RaggedRightParindent=\skip75
\JustifyingParindent=\skip76
) (/opt/homebrew/Cellar/texlive/20240312_3/share/texmf-dist/tex/latex/l3backend/l3backend-pdftex.def
File: l3backend-pdftex.def 2024-02-20 L3 backend support: PDF output (pdfTeX)
\l__color_backend_stack_int=\count311
\l__pdf_internal_box=\box64
)
No file main.aux.
\openout1 = `main.aux'.

LaTeX Font Info:    Checking defaults for OML/cmm/m/it on input line 41.
LaTeX Font Info:    ... okay on input line 41.
LaTeX Font Info:    Checking defaults for OMS/cmsy/m/n on input line 41.
LaTeX Font Info:    ... okay on input line 41.
LaTeX Font Info:    Checking defaults for OT1/cmr/m/n on input line 41.
LaTeX Font Info:    ... okay on input line 41.
LaTeX Font Info:    Checking defaults for T1/cmr/m/n on input line 41.
LaTeX Font Info:    ... okay on input line 41.
LaTeX Font Info:    Checking defaults for TS1/cmr/m/n on input line 41.
LaTeX Font Info:    ... okay on input line 41.
LaTeX Font Info:    Checking defaults for OMX/cmex/m/n on input line 41.
LaTeX Font Info:    ... okay on input line 41.
LaTeX Font Info:    Checking defaults for U/cmr/m/n on input line 41.
LaTeX Font Info:    ... okay on input line 41.
LaTeX Font Info:    Checking defaults for PD1/pdf/m/n on input line 41.
LaTeX Font Info:    ... okay on input line 41.
LaTeX Font Info:    Checking defaults for PU/pdf/m/n on input line 41.
LaTeX Font Info:    ... okay on input line 41.
*geometry* driver: auto-detecting
*geometry* detected driver: pdftex
*geometry* verbose mode - [ preamble ] result:
* driver: pdftex
* paper: custom
* layout: <same size as paper>
* layoutoffset:(h,v)=(0.0pt,0.0pt)
* modes: 
* h-part:(L,W,R)=(72.26999pt, 469.75502pt, 72.26999pt)
* v-part:(T,H,B)=(72.26999pt, 650.43001pt, 72.26999pt)
* \paperwidth=614.295pt
* \paperheight=794.96999pt
* \textwidth=469.75502pt
* \textheight=650.43001pt
* \oddsidemargin=0.0pt
* \evensidemargin=0.0pt
* \topmargin=-37.0pt
* \headheight=12.0pt
* \headsep=25.0pt
* \topskip=12.0pt
* \footskip=30.0pt
* \marginparwidth=44.0pt
* \marginparsep=10.0pt
* \columnsep=10.0pt
* \skip\footins=10.8pt plus 4.0pt minus 2.0pt
* \hoffset=0.0pt
* \voffset=0.0pt
* \mag=1000
* \@twocolumnfalse
* \@twosidefalse
* \@mparswitchfalse
* \@reversemarginfalse
* (1in=72.27pt=25.4mm, 1cm=28.453pt)

(/opt/homebrew/Cellar/texlive/20240312_3/share/texmf-dist/tex/context/base/mkii/supp-pdf.mkii
[Loading MPS to PDF converter (version 2006.09.02).]
\scratchcounter=\count312
\scratchdimen=\dimen274
\scratchbox=\box65
\nofMPsegments=\count313
\nofMParguments=\count314
\everyMPshowfont=\toks34
\MPscratchCnt=\count315
\MPscratchDim=\dimen275
\MPnumerator=\count316
\makeMPintoPDFobject=\count317
\everyMPtoPDFconversion=\toks35
) (/opt/homebrew/Cellar/texlive/20240312_3/share/texmf-dist/tex/latex/epstopdf-pkg/epstopdf-base.sty
Package: epstopdf-base 2020-01-24 v2.11 Base part for package epstopdf
Package epstopdf-base Info: Redefining graphics rule for `.eps' on input line 485.
 (/opt/homebrew/Cellar/texlive/20240312_3/share/texmf-dist/tex/latex/latexconfig/epstopdf-sys.cfg
File: epstopdf-sys.cfg 2010/07/13 v1.3 Configuration of (r)epstopdf for TeX Live
))
Package hyperref Info: Link coloring OFF on input line 41.
\@outlinefile=\write3
\openout3 = `main.out'.

Package ragged2e Info: ABD: executing \RaggedRight on input line 41.
LaTeX Font Info:    Trying to load font information for U+msa on input line 44.
 (/opt/homebrew/Cellar/texlive/20240312_3/share/texmf-dist/tex/latex/amsfonts/umsa.fd
File: umsa.fd 2013/01/14 v3.01 AMS symbols A
)
LaTeX Font Info:    Trying to load font information for U+msb on input line 44.
 (/opt/homebrew/Cellar/texlive/20240312_3/share/texmf-dist/tex/latex/amsfonts/umsb.fd
File: umsb.fd 2013/01/14 v3.01 AMS symbols B
) (./sections/abstract.tex)
No file main.toc.
\tf@toc=\write4
\openout4 = `main.toc'.

(./sections/introduction.tex

LaTeX Warning: Citation `scarpace1980land' on page 1 undefined on input line 4.


LaTeX Warning: Citation `lovelandDevelopmentGlobalLand2000' on page 1 undefined on input line 4.


LaTeX Warning: Citation `townshendLandCover1992' on page 1 undefined on input line 4.


LaTeX Warning: Citation `wulderLandCover2018' on page 1 undefined on input line 4.


LaTeX Warning: Citation `banGlobalLandCover2015' on page 1 undefined on input line 4.


LaTeX Warning: Citation `phiriDevelopmentsLandsatLand2017' on page 1 undefined on input line 5.


LaTeX Warning: Citation `maxwellImplementationMachinelearningClassification2018' on page 1 undefined on input line 5.


LaTeX Warning: Citation `mciverEstimatingPixelscaleLand2001' on page 1 undefined on input line 6.


LaTeX Warning: Citation `khatamiMetaanalysisRemoteSensing2016' on page 1 undefined on input line 6.


LaTeX Warning: Citation `strahlerNatureModelsRemote1986' on page 1 undefined on input line 7.


LaTeX Warning: Citation `woodcockFactorScaleRemote1987' on page 1 undefined on input line 7.


LaTeX Warning: Citation `hansenReviewLargeArea2012' on page 1 undefined on input line 7.


LaTeX Warning: Citation `grekousisOverview21Global2015' on page 1 undefined on input line 7.


LaTeX Warning: Citation `markhamLandCoverClassification1981' on page 1 undefined on input line 7.


LaTeX Warning: Citation `luSurveyImageClassification2007' on page 1 undefined on input line 7.


LaTeX Warning: Citation `liImpactsSpatialResolutions2022' on page 1 undefined on input line 8.


LaTeX Warning: Citation `fisherImpactSatelliteImagery2018' on page 1 undefined on input line 8.


LaTeX Warning: Citation `blaschkeGeographicObjectBasedImage2014a' on page 1 undefined on input line 9.


LaTeX Warning: Citation `johnsonUnsupervisedImageSegmentation2011' on page 1 undefined on input line 9.


LaTeX Warning: Citation `maReviewSupervisedObjectbased2017' on page 1 undefined on input line 9.


LaTeX Warning: Citation `blaschkeObjectOrientedImageProcessing2000a' on page 1 undefined on input line 10.


LaTeX Warning: Citation `myintPerpixelVsObjectbased2011' on page 1 undefined on input line 10.


LaTeX Warning: Citation `tehranyComparativeAssessmentObject2014' on page 1 undefined on input line 10.


LaTeX Warning: Citation `zhuDeepLearningRemote2017a' on page 1 undefined on input line 11.


LaTeX Warning: Citation `maDeepLearningRemote2019' on page 1 undefined on input line 11.


LaTeX Warning: Citation `valiDeepLearningLand2020' on page 1 undefined on input line 11.

[1

{/opt/homebrew/Cellar/texlive/20240312_3/share/texmf-dist/fonts/map/pdftex/updmap/pdftex.map}]

LaTeX Warning: Citation `liSurveyConvolutionalNeural2022a' on page 2 undefined on input line 14.


LaTeX Warning: Citation `songPatchBasedLightConvolutional2019' on page 2 undefined on input line 14.


LaTeX Warning: Citation `panLandcoverClassificationMultispectral2020' on page 2 undefined on input line 14.


LaTeX Warning: Citation `kussulDeepLearningClassification2017' on page 2 undefined on input line 14.


LaTeX Warning: Citation `longFullyConvolutionalNetworks2015' on page 2 undefined on input line 16.


LaTeX Warning: Citation `yuanReviewDeepLearning2021' on page 2 undefined on input line 17.


LaTeX Warning: Citation `huTransferringDeepConvolutional2015' on page 2 undefined on input line 18.


LaTeX Warning: Citation `huTransferringDeepConvolutional2015' on page 2 undefined on input line 22.


LaTeX Warning: Citation `kolesnikovBigTransferBiT2020' on page 2 undefined on input line 22.


LaTeX Warning: Citation `russakovskyImageNetLargeScale2015' on page 2 undefined on input line 24.


LaTeX Warning: Citation `piresdelimaConvolutionalNeuralNetwork2020' on page 2 undefined on input line 24.


LaTeX Warning: Citation `maTransferLearningEnvironmental2024' on page 2 undefined on input line 25.


LaTeX Warning: Citation `wuUnsupervisedFeatureLearning2018' on page 2 undefined on input line 26.


LaTeX Warning: Citation `tianContrastiveMultiviewCoding2020' on page 2 undefined on input line 26.


LaTeX Warning: Citation `chenSimpleFrameworkContrastive2020c' on page 2 undefined on input line 26.


LaTeX Warning: Citation `dippelFinegrainedVisualRepresentations2022' on page 2 undefined on input line 27.


LaTeX Warning: Citation `manasSeasonalContrastUnsupervised2021a' on page 2 undefined on input line 27.


LaTeX Warning: Citation `ayushGeographyAwareSelfSupervisedLearning2021' on page 2 undefined on input line 27.


LaTeX Warning: Citation `scheibenreifSelfsupervisedVisionTransformers2022' on page 2 undefined on input line 27.

[2]

LaTeX Warning: Citation `brempongDenoisingPretrainingSemantic2022' on page 3 undefined on input line 33.


LaTeX Warning: Citation `vincentExtractingComposingRobust2008' on page 3 undefined on input line 33.

) [3] (./sections/study_area.tex

LaTeX Warning: Citation `mississippistateuniversityextensionMississippiLandResource' on page 4 undefined on input line 5.


LaTeX Warning: Citation `unitedstatesgeologicalsurveyAnnualNationalLand' on page 4 undefined on input line 5.


LaTeX Warning: Citation `englishLandCoverChange2011' on page 4 undefined on input line 6.


LaTeX Warning: Citation `earthresourcesobservationandscienceeroscenterNationalAgricultureImagery2017' on page 4 undefined on input line 15.


LaTeX Warning: Citation `usdaGeospatialDataGateway2016' on page 4 undefined on input line 18.


LaTeX Warning: Citation `misssissippiautomatedresourceinformationsystemMississippiTransverseMercator' on page 4 undefined on input line 20.


LaTeX Warning: Reference `fig:naip_ms' on page 4 undefined on input line 21.

[4] (./figures/naip_ms.tex

pdfTeX warning: pdflatex (file ./images/ms_NAIP.pdf): PDF inclusion: found PDF version <1.7>, but at most version <1.5> allowed
<images/ms_NAIP.pdf, id=31, 614.295pt x 794.97pt>
File: images/ms_NAIP.pdf Graphic file (type pdf)
<use images/ms_NAIP.pdf>
Package pdftex.def Info: images/ms_NAIP.pdf  used on input line 3.
(pdftex.def)             Requested size: 427.22903pt x 552.86948pt.
)) (./sections/methodology.tex
Overfull \hbox (23.0218pt too wide) in paragraph at lines 3--10
\OT1/cmr/m/n/12 The pro-posed method-ol-ogy con-sists of a multi-stage pipeline that lever-ages both self-supervised 
 []

[5
pdfTeX warning (ext4): destination with the same identifier (name{figure.1}) has been already used, duplicate ignored
<argument> ...shipout:D \box_use:N \l_shipout_box 
                                                  \__shipout_drop_firstpage_...
l.10 
      <./images/ms_NAIP.pdf>]

LaTeX Warning: Citation `raviSAM2Segment2024' on page 6 undefined on input line 56.


LaTeX Warning: Citation `cvat2023' on page 6 undefined on input line 56.


LaTeX Warning: Reference `tab:class_legend' on page 6 undefined on input line 57.

(./tables/class_legend.tex
./tables/class_legend.tex:18: Undefined control sequence.
<argument> \newspacing 
                       {\singlespacing } \begin {tabular}{@{}llp{9cm}@{}} \t...
l.18     }
          
The control sequence at the end of the top line
of your error message was never \def'ed. If you have
misspelled it (e.g., `\hobx'), type `I' and the correct
spelling (e.g., `I\hbox'). Otherwise just continue,
and I'll forget about whatever was undefined.

./tables/class_legend.tex:18: Missing } inserted.
<inserted text> 
                }
l.18     }
          
I've inserted something that you may have forgotten.
(See the <inserted text> above.)
With luck, this will get me unwedged. But if you
really didn't forget anything, try typing `2' now; then
my insertion and my current dilemma will both disappear.

./tables/class_legend.tex:18: Missing \endgroup inserted.
<inserted text> 
                \endgroup 
l.18     }
          
I've inserted something that you may have forgotten.
(See the <inserted text> above.)
With luck, this will get me unwedged. But if you
really didn't forget anything, try typing `2' now; then
my insertion and my current dilemma will both disappear.

./tables/class_legend.tex:18: Missing } inserted.
<inserted text> 
                }
l.18     }
          
I've inserted something that you may have forgotten.
(See the <inserted text> above.)
With luck, this will get me unwedged. But if you
really didn't forget anything, try typing `2' now; then
my insertion and my current dilemma will both disappear.

./tables/class_legend.tex:18: Extra }, or forgotten \endgroup.
<argument> \newspacing {\singlespacing }
                                         \begin {tabular}{@{}llp{9cm}@{}} \t...
l.18     }
          
I've deleted a group-closing symbol because it seems to be
spurious, as in `$x}$'. But perhaps the } is legitimate and
you forgot something else, as in `\hbox{$x}'. In such cases
the way to recover is to insert both the forgotten and the
deleted material, e.g., by typing `I$}'.


./tables/class_legend.tex:18: Package graphics Error: Division by 0.

See the graphics package documentation for explanation.
Type  H <return>  for immediate help.
 ...                                              
                                                  
l.18     }
          
Your command was ignored.
Type  I <command> <return>  to replace it with another command,
or  <return>  to continue without it.

./tables/class_legend.tex:20: Too many }'s.
\color@endbox ->\color@endgroup \egroup 
                                        
l.20 \end{table}
                
You've closed more groups than you opened.
Such booboos are generally harmless, so keep going.

./tables/class_legend.tex:20: Undefined control sequence.
\endtable ...ebox \columnwidth \fi \box \@currbox 
                                                  \vskip \intextsep \relax 
l.20 \end{table}
                
The control sequence at the end of the top line
of your error message was never \def'ed. If you have
misspelled it (e.g., `\hobx'), type `I' and the correct
spelling (e.g., `I\hbox'). Otherwise just continue,
and I'll forget about whatever was undefined.

./tables/class_legend.tex:20: Missing number, treated as zero.
<to be read again> 
                   \vskip 
l.20 \end{table}
                
A number should have been here; I inserted `0'.
(If you can't figure out why I needed to see a number,
look up `weird error' in the index to The TeXbook.)


./tables/class_legend.tex:20: LaTeX Error: \begin{document} ended by \end{table}.

See the LaTeX manual or LaTeX Companion for explanation.
Type  H <return>  for immediate help.
 ...                                              
                                                  
l.20 \end{table}
                
Your command was ignored.
Type  I <command> <return>  to replace it with another command,
or  <return>  to continue without it.

./tables/class_legend.tex:20: Extra \endgroup.
<recently read> \endgroup 
                          
l.20 \end{table}
                
Things are pretty mixed up, but I think the worst is over.

)

LaTeX Warning: Reference `tab:nlcd_reclass' on page 6 undefined on input line 71.

[6] (./tables/nlcd_reclass.tex)

LaTeX Warning: Citation `chesapeakebayprogramChesapeakeBayLand2023a' on page 7 undefined on input line 78.


LaTeX Warning: Reference `tab:chesapeake_reclassification' on page 7 undefined on input line 84.


LaTeX Warning: Reference `fig:fairfax_co' on page 7 undefined on input line 85.

[7
pdfTeX warning (ext4): destination with the same identifier (name{table.2}) has been already used, duplicate ignored
<argument> ...shipout:D \box_use:N \l_shipout_box 
                                                  \__shipout_drop_firstpage_...
l.87 
     ] (./tables/chesapeake_bay_reclass.tex) (./figures/farifax_co.tex

pdfTeX warning: pdflatex (file ./images/fairfax_co.pdf): PDF inclusion: found PDF version <1.7>, but at most version <1.5> allowed
<images/fairfax_co.pdf, id=122, 505.89pt x 216.81pt>
File: images/fairfax_co.pdf Graphic file (type pdf)
<use images/fairfax_co.pdf>
Package pdftex.def Info: images/fairfax_co.pdf  used on input line 3.
(pdftex.def)             Requested size: 469.75502pt x 201.32684pt.
) [8
pdfTeX warning (ext4): destination with the same identifier (name{table.3}) has been already used, duplicate ignored
<argument> ...shipout:D \box_use:N \l_shipout_box 
                                                  \__shipout_drop_firstpage_...
l.102 
      
pdfTeX warning (ext4): destination with the same identifier (name{figure.2}) has been already used, duplicate ignored
<argument> ...shipout:D \box_use:N \l_shipout_box 
                                                  \__shipout_drop_firstpage_...
l.102 
       <./images/fairfax_co.pdf>]

LaTeX Warning: Reference `fig:ms_lc_pcs' on page 9 undefined on input line 108.


LaTeX Warning: Reference `fig:clusters' on page 9 undefined on input line 111.

(./figures/sampling_flowchart.tex

pdfTeX warning: pdflatex (file ./images/stratification_flowchart.drawio.pdf): PDF inclusion: found PDF version <1.7>, but at most version <1.5> allowed
<images/stratification_flowchart.drawio.pdf, id=218, 717.64107pt x 392.42609pt>
File: images/stratification_flowchart.drawio.pdf Graphic file (type pdf)
<use images/stratification_flowchart.drawio.pdf>
Package pdftex.def Info: images/stratification_flowchart.drawio.pdf  used on input line 3.
(pdftex.def)             Requested size: 469.75502pt x 256.8763pt.
) [9] (./figures/ms_lc_pcs.tex

pdfTeX warning: pdflatex (file ./images/sampling/Mississippi_PCs.pdf): PDF inclusion: found PDF version <1.7>, but at most version <1.5> allowed
<images/sampling/Mississippi_PCs.pdf, id=225, 505.89pt x 361.35pt>
File: images/sampling/Mississippi_PCs.pdf Graphic file (type pdf)
<use images/sampling/Mississippi_PCs.pdf>
Package pdftex.def Info: images/sampling/Mississippi_PCs.pdf  used on input line 3.
(pdftex.def)             Requested size: 469.75502pt x 335.54477pt.
) [10
pdfTeX warning (ext4): destination with the same identifier (name{figure.3}) has been already used, duplicate ignored
<argument> ...shipout:D \box_use:N \l_shipout_box 
                                                  \__shipout_drop_firstpage_...
l.121 
       <./images/stratification_flowchart.drawio.pdf>] (./figures/clusters.tex
<images/sampling/clusters_250.png, id=253, 361.35pt x 361.35pt>
File: images/sampling/clusters_250.png Graphic file (type png)
<use images/sampling/clusters_250.png>
Package pdftex.def Info: images/sampling/clusters_250.png  used on input line 3.
(pdftex.def)             Requested size: 375.80544pt x 375.80617pt.
) [11
pdfTeX warning (ext4): destination with the same identifier (name{figure.4}) has been already used, duplicate ignored
<argument> ...shipout:D \box_use:N \l_shipout_box 
                                                  \__shipout_drop_firstpage_...
l.123 
       <./images/sampling/Mississippi_PCs.pdf>]

LaTeX Warning: Reference `fig:ms_lc_dist' on page 12 undefined on input line 129.


LaTeX Warning: Citation `douzasImbalancedLearningLand2019' on page 12 undefined on input line 131.


LaTeX Warning: Citation `fonsecaImprovingImbalancedLand2021' on page 12 undefined on input line 131.


LaTeX Warning: Reference `fig:ms_lc_dist' on page 12 undefined on input line 132.


LaTeX Warning: Reference `fig:sample_locations' on page 12 undefined on input line 136.

[12
pdfTeX warning (ext4): destination with the same identifier (name{figure.5}) has been already used, duplicate ignored
<argument> ...shipout:D \box_use:N \l_shipout_box 
                                                  \__shipout_drop_firstpage_...
l.139 
       <./images/sampling/clusters_250.png>] (./figures/ms_lc_dist.tex
<images/sampling/split_distributions.png, id=282, 1156.32pt x 361.35pt>
File: images/sampling/split_distributions.png Graphic file (type png)
<use images/sampling/split_distributions.png>
Package pdftex.def Info: images/sampling/split_distributions.png  used on input line 3.
(pdftex.def)             Requested size: 469.75502pt x 146.79808pt.
) (./figures/sample_locations.tex

pdfTeX warning: pdflatex (file ./images/sampling/sampling_sites_map.pdf): PDF inclusion: found PDF version <1.7>, but at most version <1.5> allowed
<images/sampling/sampling_sites_map.pdf, id=283, 614.295pt x 794.97pt>
File: images/sampling/sampling_sites_map.pdf Graphic file (type pdf)
<use images/sampling/sampling_sites_map.pdf>
Package pdftex.def Info: images/sampling/sampling_sites_map.pdf  used on input line 3.
(pdftex.def)             Requested size: 452.34969pt x 585.38303pt.
) [13
pdfTeX warning (ext4): destination with the same identifier (name{figure.6}) has been already used, duplicate ignored
<argument> ...shipout:D \box_use:N \l_shipout_box 
                                                  \__shipout_drop_firstpage_...
l.144 
       <./images/sampling/split_distributions.png>]

LaTeX Warning: Citation `ronnebergerUNetConvolutionalNetworks2015d' on page 14 undefined on input line 148.


LaTeX Warning: Citation `robinsonLargeScaleHighresolution2019' on page 14 undefined on input line 148.


LaTeX Warning: Citation `panDeepLearningSegmentation2020' on page 14 undefined on input line 148.


LaTeX Warning: Citation `liDeepUNetDeepFully2018' on page 14 undefined on input line 148.


LaTeX Warning: Citation `odenaDeconvolutionCheckerboardArtifacts2016' on page 14 undefined on input line 154.


LaTeX Warning: Citation `sanjarImprovedUNetFully2020' on page 14 undefined on input line 154.


LaTeX Warning: Citation `heDeepResidualLearning2015b' on page 14 undefined on input line 155.

[14
pdfTeX warning (ext4): destination with the same identifier (name{figure.7}) has been already used, duplicate ignored
<argument> ...shipout:D \box_use:N \l_shipout_box 
                                                  \__shipout_drop_firstpage_...
l.156 
       <./images/sampling/sampling_sites_map.pdf>]

LaTeX Warning: Reference `fig:pretraining_flowchart' on page 15 undefined on input line 162.


LaTeX Warning: Citation `vincentExtractingComposingRobust2008' on page 15 undefined on input line 163.


LaTeX Warning: Citation `wurmSemanticSegmentationSlums2019a' on page 15 undefined on input line 164.


LaTeX Warning: Citation `martinsDeepLearningHigh2022' on page 15 undefined on input line 164.


LaTeX Warning: Citation `yosinskiHowTransferableAre2014' on page 15 undefined on input line 165.


LaTeX Warning: Citation `huTransferringDeepConvolutional2015' on page 15 undefined on input line 165.


LaTeX Warning: Citation `lagrangeBenchmarkingClassificationEarthobservation2015' on page 15 undefined on input line 165.


LaTeX Warning: Citation `weissSurveyTransferLearning2016' on page 15 undefined on input line 165.

(./figures/pretraining_flowchart.tex

pdfTeX warning: pdflatex (file ./images/pretrain_flowchart.drawio.pdf): PDF inclusion: found PDF version <1.7>, but at most version <1.5> allowed
<images/pretrain_flowchart.drawio.pdf, id=311, 753.77606pt x 580.08719pt>
File: images/pretrain_flowchart.drawio.pdf Graphic file (type pdf)
<use images/pretrain_flowchart.drawio.pdf>
Package pdftex.def Info: images/pretrain_flowchart.drawio.pdf  used on input line 3.
(pdftex.def)             Requested size: 469.75502pt x 361.51799pt.
) [15]

LaTeX Warning: Citation `youLargeBatchTraining2017' on page 16 undefined on input line 190.


Overfull \hbox (5.72337pt too wide) in paragraph at lines 179--195
\OT1/cmr/m/n/12 unit vari-ance on a per-band ba-sis us-ing the mean and stan-dard de-vi-a-tion of the pre-training 
 []

[16
pdfTeX warning (ext4): destination with the same identifier (name{figure.8}) has been already used, duplicate ignored
<argument> ...shipout:D \box_use:N \l_shipout_box 
                                                  \__shipout_drop_firstpage_...
l.195 
       <./images/pretrain_flowchart.drawio.pdf>]

LaTeX Warning: Citation `linFocalLossDense2017' on page 17 undefined on input line 224.

[17]

LaTeX Warning: Reference `sec:data:naip' on page 18 undefined on input line 249.

) [18] (./sections/results.tex

LaTeX Warning: Reference `tab:pretraining_compare' on page 19 undefined on input line 5.


LaTeX Warning: Reference `tab:params' on page 19 undefined on input line 8.


LaTeX Warning: Reference `tab:s1_metrics' on page 19 undefined on input line 9.

(./tables/overall_metrics.tex) (./tables/params.tex) [19
pdfTeX warning (ext4): destination with the same identifier (name{table.4}) has been already used, duplicate ignored
<argument> ...shipout:D \box_use:N \l_shipout_box 
                                                  \__shipout_drop_firstpage_...
l.16 
     ] (./tables/s1_metrics.tex)

LaTeX Warning: Reference `fig:ms_hr_lc' on page 20 undefined on input line 20.


LaTeX Warning: Reference `tab:confusion_matrix' on page 20 undefined on input line 21.


LaTeX Warning: Reference `tab:classification_report' on page 20 undefined on input line 21.

(./figures/hi_res_land_cover.tex

pdfTeX warning: pdflatex (file ./images/landcover_vis.pdf): PDF inclusion: found PDF version <1.7>, but at most version <1.5> allowed
<images/landcover_vis.pdf, id=384, 469.755pt x 289.08pt>
File: images/landcover_vis.pdf Graphic file (type pdf)
<use images/landcover_vis.pdf>
Package pdftex.def Info: images/landcover_vis.pdf  used on input line 3.
(pdftex.def)             Requested size: 469.75502pt x 289.07928pt.
) [20
pdfTeX warning (ext4): destination with the same identifier (name{table.5}) has been already used, duplicate ignored
<argument> ...shipout:D \box_use:N \l_shipout_box 
                                                  \__shipout_drop_firstpage_...
l.30 
     
pdfTeX warning (ext4): destination with the same identifier (name{table.6}) has been already used, duplicate ignored
<argument> ...shipout:D \box_use:N \l_shipout_box 
                                                  \__shipout_drop_firstpage_...
l.30 
     ] (./tables/confusion_matrix.tex) (./tables/classification_report.tex) [21
pdfTeX warning (ext4): destination with the same identifier (name{figure.9}) has been already used, duplicate ignored
<argument> ...shipout:D \box_use:N \l_shipout_box 
                                                  \__shipout_drop_firstpage_...
l.34 
     
pdfTeX warning (ext4): destination with the same identifier (name{table.7}) has been already used, duplicate ignored
<argument> ...shipout:D \box_use:N \l_shipout_box 
                                                  \__shipout_drop_firstpage_...
l.34 
      <./images/landcover_vis.pdf>]) (./main.bbl [22
pdfTeX warning (ext4): destination with the same identifier (name{table.8}) has been already used, duplicate ignored
<argument> ...shipout:D \box_use:N \l_shipout_box 
                                                  \__shipout_drop_firstpage_...
l.12 
     ]
LaTeX Font Info:    Trying to load font information for OMS+cmr on input line 21.
 (/opt/homebrew/Cellar/texlive/20240312_3/share/texmf-dist/tex/latex/base/omscmr.fd
File: omscmr.fd 2023/04/13 v2.5m Standard LaTeX font definitions
)
LaTeX Font Info:    Font shape `OMS/cmr/m/it' in size <12> not available
(Font)              Font shape `OMS/cmsy/m/n' tried instead on input line 21.
 [23] [24] [25] [26]
Underfull \hbox (badness 1072) in paragraph at lines 244--247
[]\OT1/cmr/m/n/12 Karshiev San-jar, Olimov Bekhzod, Jaeil Kim, Jae-soo Kim, Anand Paul, and 
 []

[27]) [28] (./main.aux)
 ***********
LaTeX2e <2023-11-01> patch level 1
L3 programming layer <2024-02-20>
 ***********


LaTeX Warning: There were undefined references.


LaTeX Warning: Label(s) may have changed. Rerun to get cross-references right.


Package rerunfilecheck Warning: File `main.out' has changed.
(rerunfilecheck)                Rerun to get outlines right
(rerunfilecheck)                or use package `bookmark'.

Package rerunfilecheck Info: Checksums for `main.out':
(rerunfilecheck)             Before: <no file>
(rerunfilecheck)             After:  DD6AD621CE1DBA02DB30B66ECCB68335;2038.
 ) 
Here is how much of TeX's memory you used:
 13531 strings out of 474116
 220605 string characters out of 5732612
 1946187 words of memory out of 5000000
 35475 multiletter control sequences out of 15000+600000
 567787 words of font info for 73 fonts, out of 8000000 for 9000
 1141 hyphenation exceptions out of 8191
 75i,23n,79p,708b,571s stack positions out of 10000i,1000n,20000p,200000b,200000s
</opt/homebrew/Cellar/texlive/20240312_3/share/texmf-dist/fonts/type1/public/amsfonts/cm/cmbx10.pfb></opt/homebrew/Cellar/texlive/20240312_3/share/texmf-dist/fonts/type1/public/amsfonts/cm/cmbx12.pfb></opt/homebrew/Cellar/texlive/20240312_3/share/texmf-dist/fonts/type1/public/amsfonts/cm/cmex10.pfb></opt/homebrew/Cellar/texlive/20240312_3/share/texmf-dist/fonts/type1/public/amsfonts/cm/cmmi12.pfb></opt/homebrew/Cellar/texlive/20240312_3/share/texmf-dist/fonts/type1/public/amsfonts/cm/cmmi8.pfb></opt/homebrew/Cellar/texlive/20240312_3/share/texmf-dist/fonts/type1/public/amsfonts/cm/cmr10.pfb></opt/homebrew/Cellar/texlive/20240312_3/share/texmf-dist/fonts/type1/public/amsfonts/cm/cmr12.pfb></opt/homebrew/Cellar/texlive/20240312_3/share/texmf-dist/fonts/type1/public/amsfonts/cm/cmr17.pfb></opt/homebrew/Cellar/texlive/20240312_3/share/texmf-dist/fonts/type1/public/amsfonts/cm/cmr8.pfb></opt/homebrew/Cellar/texlive/20240312_3/share/texmf-dist/fonts/type1/public/amsfonts/cm/cmsy10.pfb></opt/homebrew/Cellar/texlive/20240312_3/share/texmf-dist/fonts/type1/public/amsfonts/cm/cmti12.pfb></opt/homebrew/Cellar/texlive/20240312_3/share/texmf-dist/fonts/type1/public/amsfonts/symbols/msam10.pfb>
Output written on main.pdf (28 pages, 7915059 bytes).
PDF statistics:
 778 PDF objects out of 1000 (max. 8388607)
 614 compressed objects within 7 object streams
 137 named destinations out of 1000 (max. 500000)
 46 words of extra memory for PDF output out of 10000 (max. 10000000)

